Lab - Entering Commands
==========
Follow the instructions line-by-line.  

* Type in the commands as is, but ignore the beginning prompt.  
* Enter, tab, up and down are represented by <ENTER><TAB>,<UP> and <DOWN>.  
* "No output" or "nothing happens" are valid answers to any of the questions.
==========



==========
1. Open Terminal.  Type:

$ ls<ENTER>

Copy and paste the output of ls below.
Applications		Downloads		Pictures
Creative Cloud Files	Library			Public
Desktop			Movies
Documents		Music
----------
Code  Desktop  Documents  Downloads  Movies  Music  Pictures  textfile.txt


==========
2a. Type: 

$ ls D<TAB>

What happens?  Describe it below.
It gives three options of Desktop Documents and Downloads
Desktop/    Documents/  Downloads/


==========
2b. Press <TAB> one more time.  Copy and paste the output below.
ls Desktop/  
rdrgeerwtger yg erwy brg


==========
2c. Now press <ENTER>. Copy and paste the output below.
----------
Desktop:
Screen Shot 2022-09-14 at 6.35.28 PM.png
Screen Shot 2022-09-14 at 6.35.38 PM.png
Spring 2022 Syllabus


==========
3.  Type:

$ ls -l Documents<ENTER>

Copy and paste the first *two lines* of output below.
----------
Documents - Peiâ€™s MacBook Pro	Module 2 Abortions.docx


==========
4.  Type:

$ ls -a Documents

Copy and paste the first *two lines* of output below.
----------
League of Legends
MOD2 COMAS.docx


==========
5.  Type:

<UP><ENTER>

What command was repeated?
----------
ls -a documents


==========
6.  Type:

<UP><UP><UP><DOWN><ENTER>

What command was repeated?
----------
The ls -a documents command


==========
7.  Type:

$ ls /b<TAB><ENTER>

What is the result of pressing tab?
----------
It gives a list of all the commands


==========
8.  Type:

$ ls doesnotexist

Copy and paste the output below.
----------
No such file or directory


==========
9.  What key do I press to go to the previous command?
----------
UP Key


==========
10.  Name two flags that we used in this exercise.
----------
-a and -l


==========
11.  What key do I use to attempt to autocomplete a command or a file name?
----------
<TAB>


==========
12.  What was the main command that we used throughout this exercise?
----------
ls


==========
13.  Name one argument that we passed to the command.
----------
documents


==========
14.  Type:

$ foo<ENTER>

Copy and paste the output below.
----------
command not found: foo


==========
15.  Type:

<UP><ENTER>

Copy and paste the output below.
----------
command not found: foo


==========
16.  In the following line....

$ ls -a Desktop

What is the command, flag, argument, and prompt?
----------
$ is the prompt 
ls is the command
-a is the flag 
desktop is the argument
